> Task :compileJava UP-TO-DATE
> Task :processResources UP-TO-DATE
> Task :classes UP-TO-DATE

> Task :compileTestJava FAILED
.\gradlew : C:\Users\ramir\Documents\7mo Semestre\Ing de software III\servly\src\test\java\co\edu\uniquindio\servly\service\TableSessionServiceTest.java:104: error: cannot find 
symbol
En línea: 1 Carácter: 72
+ ... II\servly"; .\gradlew test --tests "*TableSessionServiceTest*" 2>&1 > ...
+                 ~~~~~~~~~~~~~~~~~~~~~~~~~~~~~~~~~~~~~~~~~~~~~~~~~~~~~~~~~
    + CategoryInfo          : NotSpecified: (C:\Users\ramir\...not find symbol:String) [], RemoteException
    + FullyQualifiedErrorId : NativeCommandError
 
            assertTrue(result.isActive());
                             ^
  symbol:   method isActive()
  location: variable result of type TableSessionResponse
1 error

[Incubating] Problems report is available at: file:///C:/Users/ramir/Documents/7mo%20Semestre/Ing%20de%20software%20III/servly/build/reports/problems/problems-report.html

FAILURE: Build failed with an exception.

* What went wrong:
Execution failed for task ':compileTestJava'.
> Compilation failed; see the compiler output below.
  C:\Users\ramir\Documents\7mo Semestre\Ing de software III\servly\src\test\java\co\edu\uniquindio\servly\service\TableSessionServiceTest.java:104: error: cannot find symbol
              assertTrue(result.isActive());
                               ^
    symbol:   method isActive()
    location: variable result of type TableSessionResponse
  1 error

* Try:
> Check your code and dependencies to fix the compilation error(s)
> Run with --scan to get full insights from a Build Scan (powered by Develocity).

BUILD FAILED in 2s
3 actionable tasks: 1 executed, 2 up-to-date
